// Jest Snapshot v1, https://goo.gl/fbAQLP

exports[`ErrorBoundary Component should render ErrorBoundary 1`] = `""`;
